// Jest Snapshot v1, https://goo.gl/fbAQLP

exports[`LayoutFullWidth should render correctly 1`] = `
"<div className=\\"full-width-container\\">
  <div className=\\"full-width-container__box\\" />
</div>"
`;
