// Jest Snapshot v1, https://goo.gl/fbAQLP

exports[`<Button /> should render correctly 1`] = `
"<button type=\\"submit\\" className=\\"main-button\\" onClick={[Function: mockConstructor]} disabled={false}>
  Button
</button>"
`;
