// Jest Snapshot v1, https://goo.gl/fbAQLP

exports[`should render ok 1`] = `
"<div>
  No existe!!!
</div>"
`;
