// Jest Snapshot v1, https://goo.gl/fbAQLP

exports[`Menu should render ok 1`] = `
"<div className=\\"sidebar\\">
  <div className=\\"content\\">
    <Logo padding={0} maxWidth={100} />
    <button type=\\"button\\" onClick={[Function: test]}>
      Salir
    </button>
  </div>
</div>"
`;
