// Jest Snapshot v1, https://goo.gl/fbAQLP

exports[`should render ok 1`] = `
"<Fragment>
  <TopBar>
    <IconButton onClick={[Function: onClick]} icon=\\"fas fa-file-download\\" />
  </TopBar>
  <ReactTable data={{...}} columns={{...}} filterable={true} className=\\"-striped\\" defaultPageSize={10} previousText=\\"<\\" nextText=\\">\\" loadingText=\\"Cargando\\" noDataText=\\"Sin datos\\" pageText=\\"\\" ofText=\\"de\\" rowsText=\\"registros\\" pageSizeOptions={{...}} resolveData={[Function: resolveData]} loading={false} showPagination={true} showPaginationTop={false} showPaginationBottom={true} showPageSizeOptions={true} defaultPage={0} showPageJump={true} collapseOnSortingChange={true} collapseOnPageChange={true} collapseOnDataChange={true} freezeWhenExpanded={false} sortable={true} multiSort={true} resizable={true} defaultSortDesc={false} defaultSorted={{...}} defaultFiltered={{...}} defaultResized={{...}} defaultExpanded={{...}} defaultFilterMethod={[Function: defaultFilterMethod]} defaultSortMethod={[Function: defaultSortMethod]} onPageChange={[undefined]} onPageSizeChange={[undefined]} onSortedChange={[undefined]} onFilteredChange={[undefined]} onResizedChange={[undefined]} onExpandedChange={[undefined]} pivotBy={[undefined]} pivotValKey=\\"_pivotVal\\" pivotIDKey=\\"_pivotID\\" subRowsKey=\\"_subRows\\" aggregatedKey=\\"_aggregated\\" nestingLevelKey=\\"_nestingLevel\\" originalKey=\\"_original\\" indexKey=\\"_index\\" groupedByPivotKey=\\"_groupedByPivot\\" onFetchData={[Function: onFetchData]} style={{...}} getProps={[Function: emptyObj]} getTableProps={[Function: emptyObj]} getTheadGroupProps={[Function: emptyObj]} getTheadGroupTrProps={[Function: emptyObj]} getTheadGroupThProps={[Function: emptyObj]} getTheadProps={[Function: emptyObj]} getTheadTrProps={[Function: emptyObj]} getTheadThProps={[Function: emptyObj]} getTheadFilterProps={[Function: emptyObj]} getTheadFilterTrProps={[Function: emptyObj]} getTheadFilterThProps={[Function: emptyObj]} getTbodyProps={[Function: emptyObj]} getTrGroupProps={[Function: emptyObj]} getTrProps={[Function: emptyObj]} getTdProps={[Function: emptyObj]} getTfootProps={[Function: emptyObj]} getTfootTrProps={[Function: emptyObj]} getTfootTdProps={[Function: emptyObj]} getPaginationProps={[Function: emptyObj]} getLoadingProps={[Function: emptyObj]} getNoDataProps={[Function: emptyObj]} getResizerProps={[Function: emptyObj]} column={{...}} expanderDefaults={{...}} pivotDefaults={{...}} pageJumpText=\\"jump to page\\" rowsSelectorText=\\"rows per page\\" TableComponent={[Function: TableComponent]} TheadComponent={[Function: cmp]} TbodyComponent={[Function: cmp]} TrGroupComponent={[Function: TrGroupComponent]} TrComponent={[Function: TrComponent]} ThComponent={[Function: ThComponent]} TdComponent={[Function: TdComponent]} TfootComponent={[Function: cmp]} FilterComponent={[Function: FilterComponent]} ExpanderComponent={[Function: ExpanderComponent]} PivotValueComponent={[Function: PivotValueComponent]} AggregatedComponent={[Function: AggregatedComponent]} PivotComponent={[undefined]} PaginationComponent={[Function: ReactTablePagination]} PreviousComponent={[undefined]} NextComponent={[undefined]} LoadingComponent={[Function: LoadingComponent]} NoDataComponent={[Function: cmp]} ResizerComponent={[Function: cmp]} PadRowComponent={[Function: PadRowComponent]} />
</Fragment>"
`;
