// Jest Snapshot v1, https://goo.gl/fbAQLP

exports[`Main should render ok 1`] = `
"<ContextConsumer>
  [function]
</ContextConsumer>"
`;
