// Jest Snapshot v1, https://goo.gl/fbAQLP

exports[`Avatar should render ok 1`] = `
"<div className=\\"avatar-container\\">
  <img src=\\"test\\" alt=\\"avatar\\" />
  <div className=\\"title\\">
    Usuario test
  </div>
</div>"
`;
