// Jest Snapshot v1, https://goo.gl/fbAQLP

exports[`Logo should render correctly 1`] = `
"<div style={{...}}>
  <img style={{...}} src=\\"logo.png\\" alt=\\"logo icafal\\" />
</div>"
`;
